// Vitest Snapshot v1, https://vitest.dev/guide/snapshot.html

exports[`renders correctly 1`] = `
<div
  className="_container_bc42d4"
>
  <div
    className="_contentContainer_bc42d4"
  >
    <h1>
      Accessibility statement
    </h1>
    <div
      className="_card_d75732 _footerCard_bc42d4"
    >
      <p>
        We want as many people as possible to be able to use this website. We have taken steps to make this website as accessible as possible, for instance:
      </p>
      <ul>
        <li>
          content is written in plain English
        </li>
        <li>
          text against a coloured background passes a minimum of Web Content Accessibility Guidelines (WCAG) 2.1 AA colour contrast criteria
        </li>
      </ul>
      <p>
        <a
          href="https://abilitynet.org.uk/"
          rel="noreferrer"
          target="_blank"
        >
          AbilityNet
        </a>
         
        has advice on making your device easier to use if you have a disability
      </p>
      <h3>
        Accessibility testing
      </h3>
      <p>
        We are aware that the site needs to be fully accessibility tested for us to identify where we need to improve. We plan on accessibility testing this site when it has been fully developed. This page will be updated once accessibility testing has taken place.
      </p>
      <h3>
        Feedback and contact information
      </h3>
      <p>
        Contact us if you want to report an accessibility issue or if you need information on this website in a different format, like an accessible PDF or large print:
      </p>
      <ul>
        <li
          className="_email_6213f5"
        >
          email: 
          <a
            href="mailto: team@donatetoeducate.org.uk"
          >
            team@donatetoeducate.org.uk
          </a>
        </li>
      </ul>
      <p>
        We will consider your request and reply to you as soon as possible.
      </p>
      <h3>
        Technical information about this website's accessibility
      </h3>
      <p>
        We are committed to making this website as accessible as possible, in accordance with the Equality Act 2010.
      </p>
      <p>
        If you have contacted us about this website's accessibility and you are not happy with how we respond, contact the
         
        <a
          href="https://www.equalityadvisoryservice.com/"
          rel="noopener noreferrer"
          target="_blank"
        >
          Equality Advisory and Support Service (EASS)
        </a>
        .
      </p>
      <h3>
        Compliance status
      </h3>
      <p>
        Information about this website's compliance with the WCAG 2.1 standard will be published on this page when accessibility testing has taken place.
      </p>
      <h3>
        What we are doing to improve accessibility
      </h3>
      <p>
        Our accessibility roadmap will be published on this page when testing has taken place. This will show how and when we plan to improve accessibility on this website.
      </p>
      <h3>
        About this accessibility statement
      </h3>
      <p>
        This statement was prepared on 31 August 2023. It was last reviewed on 31 August 2023. Information on accessibility testing will be published on this page after testing has been carried out.
      </p>
      <a
        className="_home_bc42d4"
        href="/"
        onClick={[Function]}
      >
        Return to homepage
      </a>
    </div>
  </div>
</div>
`;
